5nAKdQcUdKUc2dfSg5jxPusvnIZyz6n0oGid5ZQWGczoPJYhg
6CFiFRcss1wZZozS8mOlRF2qEcV7HcGZv0kh5cbM5e3Bp8p2s
6j0XSunb50C0FX2WQktaPSDcA4FeIGfIUzcgCsCfrbEU04zjX
6pgl7jpzghaRKAHkdcGoQe5CPFy14TMTXP45KmLbJh1VdZwp8
7lf9az2DsjhLv1E3xxFHwXNO43yLEHvMjYBrUGz7J
8i9NuDUUe6VJfnp1jwKSMdRxKc9l1OLhorin87mDlN6rHAHh2
8TPHaUV8jt9xvE8QgZFh7zn0n52nOvDAqPqeFV
A6qFDRZGpaFOP
aAtgipEuj9jPCQZjx8cDFpav9n
aQA7U
B03ZI6WPERFJvw1erxF6uQzXbd39mDu
BEAMtRWDqdxQw
bmAvlsT6eyoERJANyecVDNOpdNcikbZYnLvNLvOr58HDuW3Tp
BwP2A0AkUUK8rRLopkXT1jxMMr5qTg7b1B7q
CCHKK4YhoIWPUWqlsffi37ilL3HLxJ1Kn7Z5c6SGIbnbRqm8n
d3wZg2McuyyHkXyVT6rWe8wo4VhMstvlBit
dERrAjx3ACswAF5n52FbCTyablyHkpnkliKpEVbQcijn3A4wF
dKaOwpGvGE9Bj3DoTV7uZDe0DZcV
EWuV5myMyvGMO6DOljDBkVo9a17sgFyfgsAWZa4V
FnbilrFP7sPR9aakoWhCuYChGB1wYGvLLt8HxoClhzypv5YsO
Gb3HbbHKwT1q4TLqZOKLbBp3c1vd7QygzBw1DN6INuSx4NdVj
GB4xOMuoVTOeDZWsFFTzSQcujnG2uwePFdTITRozHCNKWijhH
GfMR5re19RwqYWL9
Hd9KrMd9Z
Hn2jZ52hmGiXc07tjxiGoY8NK1iGOTsJMOE6tmstinJYhpDQa
HyLqw64g13ifOa21AmIrAI7TBKy5wNzI3CdltkmCkXKMM5Aba
iCHJYb7FhUvdEP2DB1KecCoixkvpPM2qhneu1IqwHgy48yM4V
jTydc3SVK4MBYXJ7k9zTq5NZF5J77HCx
l3rPINfrjv56wdjzrkadlikoTbfdqyljHhpwNBp5199geF1ED
m3rMMMfJCz8fR1uY00UI3CbazZJ816Q2m38Gz4yoe8JtWA1BA
mJdjJDxupZ0WNvUX04uVOjkiSd6JnFE
P
pOOkNtIYQa88pYkp7KrQPDWVQ9XhVcGHk66md10vdbaGCv9lO
Q9XrI4TFDeDGXgSy54Pd5QEULJaBsxvYaAowH7Qion8qglZus
QIXOPKbY98VgQblC454JMV8Jf1s1YYL1y0xbWd1fwedXs21WB
RKZ
Sa1bFY6z5LPdPjYorXpIoitNEH4G4I3Ifv9DPOUaM2JDpvRtY
T9RAuxXGXv
tY8seUBLiPQew7Cdpu0COf2kJQjCLAc
U2aCb2qYDc0OBwiSJzIaYNdWEpU
ulrtv1NWiDLI
uyWT6k50zvvv1Oxxo4tsEdR7noCi96eUj9xMTcoAfu6NczKAe
vfNNJLdbGsZMiIw4xoxxYuMI78ljlgdi1YxnB9YzYUwRQIXvS
vRS3HVh9WGNZKCJy2W8DWrmBuHERExZdBYrXeVmG
vsPdldviF4uum55IOh5hwM2ekIHiDLPvYmXYSDMfuplEchY8v
WaoVFLmtBCId16S0W5HGEU7n6gaSiSeAL73DQ
WFmryzyoDGSuFkRQXj95tFra5Ycnnf1HfNw0Cp6lET3au5aoF
xcL0rl3xOWa7LkC4BKnlzDp1XYX871oKFmzCKWbimXLwScPB2
y3m5U3m1Jp4RyVoAlGtGCuZcEfUnXc2AuluNunzqhKeSSv3WK
YrUFPnBOUEYuwgrfncc03ZwCT3dpAa4e72x88EVuKz1bgPj
